<?xml version="1.0" encoding="UTF-8"?>
<TestRun id="0d45b6f4-1f2f-49c7-90f9-a5ddf99d2976" name="avi@NETBOOK 2011-05-28 20:12:20" runUser="netbook\avi" xmlns="http://microsoft.com/schemas/VisualStudio/TeamTest/2010">
  <TestSettings name="Local" id="8ca21acd-1fe6-4269-b5af-3ea22afc0391">
    <Description>These are default test settings for a local test run.</Description>
    <Deployment enabled="false" runDeploymentRoot="avi_NETBOOK 2011-05-28 20_12_20">
      <DeploymentItem filename="D:\work\NConfig\PlayingAround\NConfig\bin\Debug\NConfig.dll" />
    </Deployment>
    <Execution>
      <TestTypeSpecific />
      <AgentRule name="Execution Agents">
      </AgentRule>
    </Execution>
  </TestSettings>
  <Times creation="2011-05-28T20:12:20.5380144+02:00" queuing="2011-05-28T20:12:24.2432263+02:00" start="2011-05-28T20:12:24.8912634+02:00" finish="2011-05-28T20:12:28.4624676+02:00" />
  <ResultSummary outcome="Completed">
    <Counters total="1" executed="1" passed="1" error="0" failed="0" timeout="0" aborted="0" inconclusive="0" passedButRunAborted="0" notRunnable="0" notExecuted="0" disconnected="0" warning="0" completed="0" inProgress="0" pending="0" />
  </ResultSummary>
  <TestDefinitions>
    <UnitTest name="prod_online_server" storage="d:\work\nconfig\playingaround\testproject1\bin\debug\testproject1.dll" id="97ca9c93-9134-7453-4b0e-bfdec1fb6fa4">
      <Execution id="49489825-3450-482b-9713-1831cefb3478" />
      <TestMethod codeBase="D:/work/NConfig/PlayingAround/TestProject1/bin/Debug/TestProject1.DLL" adapterTypeName="Microsoft.VisualStudio.TestTools.TestTypes.Unit.UnitTestAdapter, Microsoft.VisualStudio.QualityTools.Tips.UnitTest.Adapter, Version=10.0.0.0, Culture=neutral, PublicKeyToken=b03f5f7f11d50a3a" className="TestProject1.FilterTest, TestProject1, Version=1.0.0.0, Culture=neutral, PublicKeyToken=null" name="prod_online_server" />
    </UnitTest>
  </TestDefinitions>
  <TestLists>
    <TestList name="Results Not in a List" id="8c84fa94-04c1-424b-9868-57a2d4851a1d" />
    <TestList name="All Loaded Results" id="19431567-8539-422a-85d7-44ee4e166bda" />
  </TestLists>
  <TestEntries>
    <TestEntry testId="97ca9c93-9134-7453-4b0e-bfdec1fb6fa4" executionId="49489825-3450-482b-9713-1831cefb3478" testListId="8c84fa94-04c1-424b-9868-57a2d4851a1d" />
  </TestEntries>
  <Results>
    <UnitTestResult executionId="49489825-3450-482b-9713-1831cefb3478" testId="97ca9c93-9134-7453-4b0e-bfdec1fb6fa4" testName="prod_online_server" computerName="NETBOOK" duration="00:00:00.1647660" startTime="2011-05-28T20:12:25.1162762+02:00" endTime="2011-05-28T20:12:28.1964524+02:00" testType="13cdc9d9-ddb5-4fa4-a97d-d965ccfc6d4b" outcome="Passed" testListId="8c84fa94-04c1-424b-9868-57a2d4851a1d" relativeResultsDirectory="49489825-3450-482b-9713-1831cefb3478">
      <Output>
        <DebugTrace>start filtering for context: appType:applicationServer\env:prod\services:SomeService\ and items: 
.\logs
env-ALL
appType-ALL
services-ALL

c:\logs\
env-prod
appType-applicationServer
services-ALL

c:\UserData\ApplicationName\logs\
env-prod
appType-onlineClient

\someNetworDrive\integrationLogs\

\\someNetworkDrive\enterpriseAuditData\
appType-applicationServer
env-prod
services-AuditService

start using rule: NConfig.Rules.WithSpecificOrALLRerefenceToSubjectRule
start filtering by runtimeContextItem: appType\applicationServer
items before: 
.\logs
env-ALL
appType-ALL
services-ALL

c:\logs\
env-prod
appType-applicationServer
services-ALL

c:\UserData\ApplicationName\logs\
env-prod
appType-onlineClient

\someNetworDrive\integrationLogs\

\\someNetworkDrive\enterpriseAuditData\
appType-applicationServer
env-prod
services-AuditService

items after: 
.\logs
env-ALL
appType-ALL
services-ALL

c:\logs\
env-prod
appType-applicationServer
services-ALL

\\someNetworkDrive\enterpriseAuditData\
appType-applicationServer
env-prod
services-AuditService

start filtering by runtimeContextItem: env\prod
items before: 
.\logs
env-ALL
appType-ALL
services-ALL

c:\logs\
env-prod
appType-applicationServer
services-ALL

\\someNetworkDrive\enterpriseAuditData\
appType-applicationServer
env-prod
services-AuditService

items after: 
.\logs
env-ALL
appType-ALL
services-ALL

c:\logs\
env-prod
appType-applicationServer
services-ALL

\\someNetworkDrive\enterpriseAuditData\
appType-applicationServer
env-prod
services-AuditService

start filtering by runtimeContextItem: services\SomeService
items before: 
.\logs
env-ALL
appType-ALL
services-ALL

c:\logs\
env-prod
appType-applicationServer
services-ALL

\\someNetworkDrive\enterpriseAuditData\
appType-applicationServer
env-prod
services-AuditService

items after: 
.\logs
env-ALL
appType-ALL
services-ALL

c:\logs\
env-prod
appType-applicationServer
services-ALL

start using rule: NConfig.Rules.BestMatchRule
start filtering by runtimeContextItem: appType\applicationServer
items before: 
.\logs
env-ALL
appType-ALL
services-ALL

c:\logs\
env-prod
appType-applicationServer
services-ALL

items after: 
c:\logs\
env-prod
appType-applicationServer
services-ALL

start filtering by runtimeContextItem: env\prod
items before: 
c:\logs\
env-prod
appType-applicationServer
services-ALL

items after: 
c:\logs\
env-prod
appType-applicationServer
services-ALL

start filtering by runtimeContextItem: services\SomeService
items before: 
c:\logs\
env-prod
appType-applicationServer
services-ALL

items after: 
c:\logs\
env-prod
appType-applicationServer
services-ALL

</DebugTrace>
      </Output>
    </UnitTestResult>
  </Results>
</TestRun>