<?xml version="1.0" encoding="UTF-8"?>
<TestRun id="983dc72e-fa32-4c0d-b791-35323977b46f" name="avi@NETBOOK 2011-06-27 08:25:36" runUser="netbook\avi" xmlns="http://microsoft.com/schemas/VisualStudio/TeamTest/2010">
  <TestSettings name="Local" id="8ca21acd-1fe6-4269-b5af-3ea22afc0391">
    <Description>These are default test settings for a local test run.</Description>
    <Deployment runDeploymentRoot="avi_NETBOOK 2011-06-27 08_25_36">
      <DeploymentItem filename="D:\work\NConfig\NConfig\NConfig\bin\Debug\NConfig.dll" />
      <DeploymentItem filename="NConfigTests\bin\Debug\Configuration.xml" />
      <DeploymentItem filename="D:\work\NConfig\NConfig\NConfig.XML\bin\Debug\NConfig.XML.dll" />
    </Deployment>
    <Execution>
      <TestTypeSpecific>
        <UnitTestRunConfig testTypeId="13cdc9d9-ddb5-4fa4-a97d-d965ccfc6d4b">
          <AssemblyResolution>
            <TestDirectory useLoadContext="true" />
          </AssemblyResolution>
        </UnitTestRunConfig>
        <WebTestRunConfiguration testTypeId="4e7599fa-5ecb-43e9-a887-cd63cf72d207">
          <Browser name="Internet Explorer 7.0">
            <Headers>
              <Header name="User-Agent" value="Mozilla/4.0 (compatible; MSIE 7.0; Windows NT 5.1)" />
              <Header name="Accept" value="*/*" />
              <Header name="Accept-Language" value="{{$IEAcceptLanguage}}" />
              <Header name="Accept-Encoding" value="GZIP" />
            </Headers>
          </Browser>
        </WebTestRunConfiguration>
      </TestTypeSpecific>
      <AgentRule name="LocalMachineDefaultRole">
      </AgentRule>
    </Execution>
  </TestSettings>
  <Times creation="2011-06-27T08:25:36.9408109+02:00" queuing="2011-06-27T08:25:41.7390854+02:00" start="2011-06-27T08:25:42.6851395+02:00" finish="2011-06-27T08:25:48.2614584+02:00" />
  <ResultSummary outcome="Completed">
    <Counters total="1" executed="1" passed="1" error="0" failed="0" timeout="0" aborted="0" inconclusive="0" passedButRunAborted="0" notRunnable="0" notExecuted="0" disconnected="0" warning="0" completed="0" inProgress="0" pending="0" />
  </ResultSummary>
  <TestDefinitions>
    <UnitTest name="TestObjectModelConfiguration" storage="d:\work\nconfig\nconfig\nconfigtests\bin\debug\nconfigtests.dll" id="2cf1276e-4d69-e068-64a4-97a4cf52a267">
      <Execution id="7c275196-b456-4be2-88b4-a2c04265a9b7" />
      <TestMethod codeBase="D:/work/NConfig/NConfig/NConfigTests/bin/Debug/NConfigTests.DLL" adapterTypeName="Microsoft.VisualStudio.TestTools.TestTypes.Unit.UnitTestAdapter, Microsoft.VisualStudio.QualityTools.Tips.UnitTest.Adapter, Version=10.0.0.0, Culture=neutral, PublicKeyToken=b03f5f7f11d50a3a" className="TestProject1.UnitTest1, NConfigTests, Version=1.0.0.0, Culture=neutral, PublicKeyToken=null" name="TestObjectModelConfiguration" />
    </UnitTest>
  </TestDefinitions>
  <TestLists>
    <TestList name="Results Not in a List" id="8c84fa94-04c1-424b-9868-57a2d4851a1d" />
    <TestList name="All Loaded Results" id="19431567-8539-422a-85d7-44ee4e166bda" />
  </TestLists>
  <TestEntries>
    <TestEntry testId="2cf1276e-4d69-e068-64a4-97a4cf52a267" executionId="7c275196-b456-4be2-88b4-a2c04265a9b7" testListId="8c84fa94-04c1-424b-9868-57a2d4851a1d" />
  </TestEntries>
  <Results>
    <UnitTestResult executionId="7c275196-b456-4be2-88b4-a2c04265a9b7" testId="2cf1276e-4d69-e068-64a4-97a4cf52a267" testName="TestObjectModelConfiguration" computerName="NETBOOK" duration="00:00:00.5836021" startTime="2011-06-27T08:25:44.0102153+02:00" endTime="2011-06-27T08:25:48.0144443+02:00" testType="13cdc9d9-ddb5-4fa4-a97d-d965ccfc6d4b" outcome="Passed" testListId="8c84fa94-04c1-424b-9868-57a2d4851a1d" relativeResultsDirectory="7c275196-b456-4be2-88b4-a2c04265a9b7">
      <Output>
        <DebugTrace>start filtering for context: environment:development\appType:onlineServer\ and items: 
1
environment-development
appType-onlineServer

2
environment-production
appType-onlineClient

start using rule: NConfig.Rules.WithSpecificOrALLRerefenceToSubjectRule
start filtering by runtimeContextItem: environment\development
items before: 
1
environment-development
appType-onlineServer

2
environment-production
appType-onlineClient

items after: 
1
environment-development
appType-onlineServer

start filtering by runtimeContextItem: appType\onlineServer
items before: 
1
environment-development
appType-onlineServer

items after: 
1
environment-development
appType-onlineServer

start using rule: NConfig.Rules.BestMatchRule
start filtering by runtimeContextItem: environment\development
items before: 
1
environment-development
appType-onlineServer

items after: 
1
environment-development
appType-onlineServer

start filtering by runtimeContextItem: appType\onlineServer
items before: 
1
environment-development
appType-onlineServer

items after: 
1
environment-development
appType-onlineServer

start filtering for context: environment:development\appType:onlineServer\ and items: 
name 1
environment-development
appType-onlineServer

name 2
environment-production
appType-onlineClient

start using rule: NConfig.Rules.WithSpecificOrALLRerefenceToSubjectRule
start filtering by runtimeContextItem: environment\development
items before: 
name 1
environment-development
appType-onlineServer

name 2
environment-production
appType-onlineClient

items after: 
name 1
environment-development
appType-onlineServer

start filtering by runtimeContextItem: appType\onlineServer
items before: 
name 1
environment-development
appType-onlineServer

items after: 
name 1
environment-development
appType-onlineServer

start using rule: NConfig.Rules.BestMatchRule
start filtering by runtimeContextItem: environment\development
items before: 
name 1
environment-development
appType-onlineServer

items after: 
name 1
environment-development
appType-onlineServer

start filtering by runtimeContextItem: appType\onlineServer
items before: 
name 1
environment-development
appType-onlineServer

items after: 
name 1
environment-development
appType-onlineServer

start filtering for context: environment:development\appType:onlineServer\ and items: 
1
environment-development
appType-onlineServer

2
environment-production
appType-onlineClient

1
environment-development
appType-onlineServer

2
environment-production
appType-onlineClient

start using rule: NConfig.Rules.WithSpecificOrALLRerefenceToSubjectRule
start filtering by runtimeContextItem: environment\development
items before: 
1
environment-development
appType-onlineServer

2
environment-production
appType-onlineClient

1
environment-development
appType-onlineServer

2
environment-production
appType-onlineClient

items after: 
1
environment-development
appType-onlineServer

1
environment-development
appType-onlineServer

start filtering by runtimeContextItem: appType\onlineServer
items before: 
1
environment-development
appType-onlineServer

1
environment-development
appType-onlineServer

items after: 
1
environment-development
appType-onlineServer

1
environment-development
appType-onlineServer

start using rule: NConfig.Rules.BestMatchRule
start filtering by runtimeContextItem: environment\development
items before: 
1
environment-development
appType-onlineServer

1
environment-development
appType-onlineServer

items after: 
1
environment-development
appType-onlineServer

1
environment-development
appType-onlineServer

start filtering by runtimeContextItem: appType\onlineServer
items before: 
1
environment-development
appType-onlineServer

1
environment-development
appType-onlineServer

items after: 
1
environment-development
appType-onlineServer

1
environment-development
appType-onlineServer

start filtering for context: environment:development\appType:onlineServer\ and items: 
1
environment-development
appType-onlineServer

2
environment-production
appType-onlineClient

1
environment-development
appType-onlineServer

2
environment-production
appType-onlineClient

start using rule: NConfig.Rules.WithSpecificOrALLRerefenceToSubjectRule
start filtering by runtimeContextItem: environment\development
items before: 
1
environment-development
appType-onlineServer

2
environment-production
appType-onlineClient

1
environment-development
appType-onlineServer

2
environment-production
appType-onlineClient

items after: 
1
environment-development
appType-onlineServer

1
environment-development
appType-onlineServer

start filtering by runtimeContextItem: appType\onlineServer
items before: 
1
environment-development
appType-onlineServer

1
environment-development
appType-onlineServer

items after: 
1
environment-development
appType-onlineServer

1
environment-development
appType-onlineServer

start using rule: NConfig.Rules.BestMatchRule
start filtering by runtimeContextItem: environment\development
items before: 
1
environment-development
appType-onlineServer

1
environment-development
appType-onlineServer

items after: 
1
environment-development
appType-onlineServer

1
environment-development
appType-onlineServer

start filtering by runtimeContextItem: appType\onlineServer
items before: 
1
environment-development
appType-onlineServer

1
environment-development
appType-onlineServer

items after: 
1
environment-development
appType-onlineServer

1
environment-development
appType-onlineServer

start filtering for context: environment:development\appType:onlineServer\ and items: 
1:one
environment-development
appType-onlineServer

2:two
environment-production
appType-onlineClient

3:three
environment-development
appType-onlineServer

4:four
environment-production
appType-onlineClient

start using rule: NConfig.Rules.WithSpecificOrALLRerefenceToSubjectRule
start filtering by runtimeContextItem: environment\development
items before: 
1:one
environment-development
appType-onlineServer

2:two
environment-production
appType-onlineClient

3:three
environment-development
appType-onlineServer

4:four
environment-production
appType-onlineClient

items after: 
1:one
environment-development
appType-onlineServer

3:three
environment-development
appType-onlineServer

start filtering by runtimeContextItem: appType\onlineServer
items before: 
1:one
environment-development
appType-onlineServer

3:three
environment-development
appType-onlineServer

items after: 
1:one
environment-development
appType-onlineServer

3:three
environment-development
appType-onlineServer

start using rule: NConfig.Rules.BestMatchRule
start filtering by runtimeContextItem: environment\development
items before: 
1:one
environment-development
appType-onlineServer

3:three
environment-development
appType-onlineServer

items after: 
1:one
environment-development
appType-onlineServer

3:three
environment-development
appType-onlineServer

start filtering by runtimeContextItem: appType\onlineServer
items before: 
1:one
environment-development
appType-onlineServer

3:three
environment-development
appType-onlineServer

items after: 
1:one
environment-development
appType-onlineServer

3:three
environment-development
appType-onlineServer

</DebugTrace>
      </Output>
    </UnitTestResult>
  </Results>
</TestRun>