<?xml version="1.0" encoding="UTF-8"?>
<TestRun id="43764f25-7754-4410-8f60-687d7d9d6aa4" name="avi@NETBOOK 2011-05-28 20:10:26" runUser="netbook\avi" xmlns="http://microsoft.com/schemas/VisualStudio/TeamTest/2010">
  <TestSettings name="Local" id="8ca21acd-1fe6-4269-b5af-3ea22afc0391">
    <Description>These are default test settings for a local test run.</Description>
    <Deployment enabled="false" runDeploymentRoot="avi_NETBOOK 2011-05-28 20_10_26">
      <DeploymentItem filename="D:\work\NConfig\PlayingAround\NConfig\bin\Debug\NConfig.dll" />
    </Deployment>
    <Execution>
      <TestTypeSpecific />
      <AgentRule name="Execution Agents">
      </AgentRule>
    </Execution>
  </TestSettings>
  <Times creation="2011-05-28T20:10:26.7625068+02:00" queuing="2011-05-28T20:10:30.2327053+02:00" start="2011-05-28T20:10:30.9037437+02:00" finish="2011-05-28T20:10:34.5009494+02:00" />
  <ResultSummary outcome="Completed">
    <Counters total="1" executed="1" passed="1" error="0" failed="0" timeout="0" aborted="0" inconclusive="0" passedButRunAborted="0" notRunnable="0" notExecuted="0" disconnected="0" warning="0" completed="0" inProgress="0" pending="0" />
  </ResultSummary>
  <TestDefinitions>
    <UnitTest name="prod_onlineServer_auditService" storage="d:\work\nconfig\playingaround\testproject1\bin\debug\testproject1.dll" id="9d4357b5-d7c4-831c-928a-48dd0ce31ffa">
      <Execution id="1c5e16df-5d4f-42c3-8490-1410d5262914" />
      <TestMethod codeBase="D:/work/NConfig/PlayingAround/TestProject1/bin/Debug/TestProject1.DLL" adapterTypeName="Microsoft.VisualStudio.TestTools.TestTypes.Unit.UnitTestAdapter, Microsoft.VisualStudio.QualityTools.Tips.UnitTest.Adapter, Version=10.0.0.0, Culture=neutral, PublicKeyToken=b03f5f7f11d50a3a" className="TestProject1.FilterTest, TestProject1, Version=1.0.0.0, Culture=neutral, PublicKeyToken=null" name="prod_onlineServer_auditService" />
    </UnitTest>
  </TestDefinitions>
  <TestLists>
    <TestList name="Results Not in a List" id="8c84fa94-04c1-424b-9868-57a2d4851a1d" />
    <TestList name="All Loaded Results" id="19431567-8539-422a-85d7-44ee4e166bda" />
  </TestLists>
  <TestEntries>
    <TestEntry testId="9d4357b5-d7c4-831c-928a-48dd0ce31ffa" executionId="1c5e16df-5d4f-42c3-8490-1410d5262914" testListId="8c84fa94-04c1-424b-9868-57a2d4851a1d" />
  </TestEntries>
  <Results>
    <UnitTestResult executionId="1c5e16df-5d4f-42c3-8490-1410d5262914" testId="9d4357b5-d7c4-831c-928a-48dd0ce31ffa" testName="prod_onlineServer_auditService" computerName="NETBOOK" duration="00:00:00.1830489" startTime="2011-05-28T20:10:31.1477576+02:00" endTime="2011-05-28T20:10:34.1279281+02:00" testType="13cdc9d9-ddb5-4fa4-a97d-d965ccfc6d4b" outcome="Passed" testListId="8c84fa94-04c1-424b-9868-57a2d4851a1d" relativeResultsDirectory="1c5e16df-5d4f-42c3-8490-1410d5262914">
      <Output>
        <DebugTrace>start filtering for context: services:AuditService\appType:applicationServer\env:prod\ and items: 
.\logs
env-ALL
appType-ALL
services-ALL

c:\logs\
env-prod
appType-applicationServer
services-ALL

c:\UserData\ApplicationName\logs\
env-prod
appType-onlineClient

\someNetworDrive\integrationLogs\

\\someNetworkDrive\enterpriseAuditData\
appType-applicationServer
env-prod
services-AuditService

start using rule: NConfig.Rules.WithSpecificOrALLRerefenceToSubjectRule
start filtering by runtimeContextItem: services\AuditService
items before: 
.\logs
env-ALL
appType-ALL
services-ALL

c:\logs\
env-prod
appType-applicationServer
services-ALL

c:\UserData\ApplicationName\logs\
env-prod
appType-onlineClient

\someNetworDrive\integrationLogs\

\\someNetworkDrive\enterpriseAuditData\
appType-applicationServer
env-prod
services-AuditService

items after: 
.\logs
env-ALL
appType-ALL
services-ALL

c:\logs\
env-prod
appType-applicationServer
services-ALL

\\someNetworkDrive\enterpriseAuditData\
appType-applicationServer
env-prod
services-AuditService

start filtering by runtimeContextItem: appType\applicationServer
items before: 
.\logs
env-ALL
appType-ALL
services-ALL

c:\logs\
env-prod
appType-applicationServer
services-ALL

\\someNetworkDrive\enterpriseAuditData\
appType-applicationServer
env-prod
services-AuditService

items after: 
.\logs
env-ALL
appType-ALL
services-ALL

c:\logs\
env-prod
appType-applicationServer
services-ALL

\\someNetworkDrive\enterpriseAuditData\
appType-applicationServer
env-prod
services-AuditService

start filtering by runtimeContextItem: env\prod
items before: 
.\logs
env-ALL
appType-ALL
services-ALL

c:\logs\
env-prod
appType-applicationServer
services-ALL

\\someNetworkDrive\enterpriseAuditData\
appType-applicationServer
env-prod
services-AuditService

items after: 
.\logs
env-ALL
appType-ALL
services-ALL

c:\logs\
env-prod
appType-applicationServer
services-ALL

\\someNetworkDrive\enterpriseAuditData\
appType-applicationServer
env-prod
services-AuditService

start using rule: NConfig.Rules.BestMatchRule
start filtering by runtimeContextItem: services\AuditService
items before: 
.\logs
env-ALL
appType-ALL
services-ALL

c:\logs\
env-prod
appType-applicationServer
services-ALL

\\someNetworkDrive\enterpriseAuditData\
appType-applicationServer
env-prod
services-AuditService

items after: 
\\someNetworkDrive\enterpriseAuditData\
appType-applicationServer
env-prod
services-AuditService

start filtering by runtimeContextItem: appType\applicationServer
items before: 
\\someNetworkDrive\enterpriseAuditData\
appType-applicationServer
env-prod
services-AuditService

items after: 
\\someNetworkDrive\enterpriseAuditData\
appType-applicationServer
env-prod
services-AuditService

start filtering by runtimeContextItem: env\prod
items before: 
\\someNetworkDrive\enterpriseAuditData\
appType-applicationServer
env-prod
services-AuditService

items after: 
\\someNetworkDrive\enterpriseAuditData\
appType-applicationServer
env-prod
services-AuditService

</DebugTrace>
      </Output>
    </UnitTestResult>
  </Results>
</TestRun>