<?xml version="1.0" encoding="UTF-8"?>
<TestRun id="f914eef0-2706-48a0-b3c8-9ab42dc18525" name="avi@NETBOOK 2011-05-28 19:39:37" runUser="netbook\avi" xmlns="http://microsoft.com/schemas/VisualStudio/TeamTest/2010">
  <TestSettings name="Local" id="8ca21acd-1fe6-4269-b5af-3ea22afc0391">
    <Description>These are default test settings for a local test run.</Description>
    <Deployment enabled="false" runDeploymentRoot="avi_NETBOOK 2011-05-28 19_39_37">
      <DeploymentItem filename="D:\work\NConfig\PlayingAround\NConfig\bin\Debug\NConfig.dll" />
    </Deployment>
    <Execution>
      <TestTypeSpecific />
      <AgentRule name="Execution Agents">
      </AgentRule>
    </Execution>
  </TestSettings>
  <Times creation="2011-05-28T19:39:37.6247422+02:00" queuing="2011-05-28T19:39:47.9133306+02:00" start="2011-05-28T19:39:49.6464298+02:00" finish="2011-05-28T19:43:33.0522078+02:00" />
  <ResultSummary outcome="Error">
    <Counters total="5" executed="3" passed="1" error="0" failed="1" timeout="0" aborted="1" inconclusive="0" passedButRunAborted="0" notRunnable="0" notExecuted="2" disconnected="0" warning="0" completed="0" inProgress="0" pending="0" />
    <RunInfos>
      <RunInfo computerName="NETBOOK" outcome="Error" timestamp="2011-05-28T19:43:33.0342068+02:00">
        <Text>Test host process exited unexpectedly.</Text>
      </RunInfo>
    </RunInfos>
  </ResultSummary>
  <TestDefinitions>
    <UnitTest name="prod_onlineServer_auditService" storage="d:\work\nconfig\playingaround\testproject1\bin\debug\testproject1.dll" id="9d4357b5-d7c4-831c-928a-48dd0ce31ffa">
      <Execution id="b0ebbfd2-2b30-4aa3-96e6-e9833a638c4f" />
      <TestMethod codeBase="D:/work/NConfig/PlayingAround/TestProject1/bin/Debug/TestProject1.DLL" adapterTypeName="Microsoft.VisualStudio.TestTools.TestTypes.Unit.UnitTestAdapter, Microsoft.VisualStudio.QualityTools.Tips.UnitTest.Adapter, Version=10.0.0.0, Culture=neutral, PublicKeyToken=b03f5f7f11d50a3a" className="TestProject1.FilterTest, TestProject1, Version=1.0.0.0, Culture=neutral, PublicKeyToken=null" name="prod_onlineServer_auditService" />
    </UnitTest>
    <UnitTest name="Dev_online_client" storage="d:\work\nconfig\playingaround\testproject1\bin\debug\testproject1.dll" id="38612a57-8d91-ea2c-a41c-d4bdf81f68b5">
      <Execution id="33684a7b-c3bd-4dd3-888e-9950deff46fa" />
      <TestMethod codeBase="D:/work/NConfig/PlayingAround/TestProject1/bin/Debug/TestProject1.DLL" adapterTypeName="Microsoft.VisualStudio.TestTools.TestTypes.Unit.UnitTestAdapter, Microsoft.VisualStudio.QualityTools.Tips.UnitTest.Adapter, Version=10.0.0.0, Culture=neutral, PublicKeyToken=b03f5f7f11d50a3a" className="TestProject1.FilterTest, TestProject1, Version=1.0.0.0, Culture=neutral, PublicKeyToken=null" name="Dev_online_client" />
    </UnitTest>
    <UnitTest name="dev_online_server" storage="d:\work\nconfig\playingaround\testproject1\bin\debug\testproject1.dll" id="56475e03-d89f-7a09-279d-5df85c0c2126">
      <Execution id="a92f748a-f5e6-4940-8d4f-9bb6daf2183b" />
      <TestMethod codeBase="D:/work/NConfig/PlayingAround/TestProject1/bin/Debug/TestProject1.DLL" adapterTypeName="Microsoft.VisualStudio.TestTools.TestTypes.Unit.UnitTestAdapter, Microsoft.VisualStudio.QualityTools.Tips.UnitTest.Adapter, Version=10.0.0.0, Culture=neutral, PublicKeyToken=b03f5f7f11d50a3a" className="TestProject1.FilterTest, TestProject1, Version=1.0.0.0, Culture=neutral, PublicKeyToken=null" name="dev_online_server" />
    </UnitTest>
    <UnitTest name="prod_online_server" storage="d:\work\nconfig\playingaround\testproject1\bin\debug\testproject1.dll" id="97ca9c93-9134-7453-4b0e-bfdec1fb6fa4">
      <Execution id="b21ca7fa-81eb-4406-813e-0292d048082e" />
      <TestMethod codeBase="D:/work/NConfig/PlayingAround/TestProject1/bin/Debug/TestProject1.DLL" adapterTypeName="Microsoft.VisualStudio.TestTools.TestTypes.Unit.UnitTestAdapter, Microsoft.VisualStudio.QualityTools.Tips.UnitTest.Adapter, Version=10.0.0.0, Culture=neutral, PublicKeyToken=b03f5f7f11d50a3a" className="TestProject1.FilterTest, TestProject1, Version=1.0.0.0, Culture=neutral, PublicKeyToken=null" name="prod_online_server" />
    </UnitTest>
    <UnitTest name="prod_online_client" storage="d:\work\nconfig\playingaround\testproject1\bin\debug\testproject1.dll" id="089e4ce5-6edb-51f6-e152-6e7c3c46a941">
      <Execution id="fdff7df4-06f6-46a7-9aef-4ff1d6c5e4ee" />
      <TestMethod codeBase="D:/work/NConfig/PlayingAround/TestProject1/bin/Debug/TestProject1.DLL" adapterTypeName="Microsoft.VisualStudio.TestTools.TestTypes.Unit.UnitTestAdapter, Microsoft.VisualStudio.QualityTools.Tips.UnitTest.Adapter, Version=10.0.0.0, Culture=neutral, PublicKeyToken=b03f5f7f11d50a3a" className="TestProject1.FilterTest, TestProject1, Version=1.0.0.0, Culture=neutral, PublicKeyToken=null" name="prod_online_client" />
    </UnitTest>
  </TestDefinitions>
  <TestLists>
    <TestList name="Results Not in a List" id="8c84fa94-04c1-424b-9868-57a2d4851a1d" />
    <TestList name="All Loaded Results" id="19431567-8539-422a-85d7-44ee4e166bda" />
  </TestLists>
  <TestEntries>
    <TestEntry testId="089e4ce5-6edb-51f6-e152-6e7c3c46a941" executionId="fdff7df4-06f6-46a7-9aef-4ff1d6c5e4ee" testListId="8c84fa94-04c1-424b-9868-57a2d4851a1d" />
    <TestEntry testId="38612a57-8d91-ea2c-a41c-d4bdf81f68b5" executionId="33684a7b-c3bd-4dd3-888e-9950deff46fa" testListId="8c84fa94-04c1-424b-9868-57a2d4851a1d" />
    <TestEntry testId="56475e03-d89f-7a09-279d-5df85c0c2126" executionId="a92f748a-f5e6-4940-8d4f-9bb6daf2183b" testListId="8c84fa94-04c1-424b-9868-57a2d4851a1d" />
    <TestEntry testId="97ca9c93-9134-7453-4b0e-bfdec1fb6fa4" executionId="b21ca7fa-81eb-4406-813e-0292d048082e" testListId="8c84fa94-04c1-424b-9868-57a2d4851a1d" />
    <TestEntry testId="9d4357b5-d7c4-831c-928a-48dd0ce31ffa" executionId="b0ebbfd2-2b30-4aa3-96e6-e9833a638c4f" testListId="8c84fa94-04c1-424b-9868-57a2d4851a1d" />
  </TestEntries>
  <Results>
    <UnitTestResult executionId="fdff7df4-06f6-46a7-9aef-4ff1d6c5e4ee" testId="089e4ce5-6edb-51f6-e152-6e7c3c46a941" testName="prod_online_client" computerName="NETBOOK" duration="00:03:23.9486546" startTime="2011-05-28T19:39:51.0595106+02:00" endTime="2011-05-28T19:43:19.0984097+02:00" testType="13cdc9d9-ddb5-4fa4-a97d-d965ccfc6d4b" outcome="Failed" testListId="8c84fa94-04c1-424b-9868-57a2d4851a1d" relativeResultsDirectory="fdff7df4-06f6-46a7-9aef-4ff1d6c5e4ee">
      <Output>
        <DebugTrace>start filtering for context: env:prod\appType:onlineClient\ and items: 
.\logs
env-ALL
appType-ALL

c:\logs\
env-prod
appType-applicationServer

\someNetworDrive\integrationLogs\

\\someNetworkDrive\enterpriseAuditData\
appType-ALL

start using rule: NConfig.Rules.WithSpecificOrALLRerefenceToSubjectRule
start filtering by runtimeContextItem: env\prod
items before: 
.\logs
env-ALL
appType-ALL

c:\logs\
env-prod
appType-applicationServer

\someNetworDrive\integrationLogs\

\\someNetworkDrive\enterpriseAuditData\
appType-ALL

items after: 
.\logs
env-ALL
appType-ALL

c:\logs\
env-prod
appType-applicationServer

start filtering by runtimeContextItem: appType\onlineClient
items before: 
.\logs
env-ALL
appType-ALL

c:\logs\
env-prod
appType-applicationServer

items after: 
.\logs
env-ALL
appType-ALL

start using rule: NConfig.Rules.BestMatchRule
start filtering by runtimeContextItem: env\prod
items before: 
.\logs
env-ALL
appType-ALL

items after: 
.\logs
env-ALL
appType-ALL

start filtering by runtimeContextItem: appType\onlineClient
items before: 
.\logs
env-ALL
appType-ALL

items after: 
.\logs
env-ALL
appType-ALL

start filtering for context: env:prod\appType:onlineClient\ and items: 
.\logs
env-ALL
appType-ALL

c:\logs\
env-prod
appType-applicationServer

\someNetworDrive\integrationLogs\

\\someNetworkDrive\enterpriseAuditData\
appType-ALL

start using rule: NConfig.Rules.WithSpecificOrALLRerefenceToSubjectRule
start filtering by runtimeContextItem: env\prod
items before: 
.\logs
env-ALL
appType-ALL

c:\logs\
env-prod
appType-applicationServer

\someNetworDrive\integrationLogs\

\\someNetworkDrive\enterpriseAuditData\
appType-ALL

items after: 
.\logs
env-ALL
appType-ALL

c:\logs\
env-prod
appType-applicationServer

start filtering by runtimeContextItem: appType\onlineClient
items before: 
.\logs
env-ALL
appType-ALL

c:\logs\
env-prod
appType-applicationServer

items after: 
.\logs
env-ALL
appType-ALL

start using rule: NConfig.Rules.BestMatchRule
start filtering by runtimeContextItem: env\prod
items before: 
.\logs
env-ALL
appType-ALL

items after: 
.\logs
env-ALL
appType-ALL

start filtering by runtimeContextItem: appType\onlineClient
items before: 
.\logs
env-ALL
appType-ALL

items after: 
.\logs
env-ALL
appType-ALL

</DebugTrace>
        <ErrorInfo>
          <Message>Assert.IsTrue failed. </Message>
          <StackTrace>   at TestProject1.FilterTest.prod_online_client() in D:\work\NConfig\PlayingAround\TestProject1\FilterTest.cs:line 133
</StackTrace>
        </ErrorInfo>
      </Output>
    </UnitTestResult>
    <UnitTestResult executionId="33684a7b-c3bd-4dd3-888e-9950deff46fa" testId="38612a57-8d91-ea2c-a41c-d4bdf81f68b5" testName="Dev_online_client" computerName="NETBOOK" duration="00:00:00.0478217" startTime="2011-05-28T19:43:19.1824145+02:00" endTime="2011-05-28T19:43:19.2794201+02:00" testType="13cdc9d9-ddb5-4fa4-a97d-d965ccfc6d4b" outcome="Passed" testListId="8c84fa94-04c1-424b-9868-57a2d4851a1d" relativeResultsDirectory="33684a7b-c3bd-4dd3-888e-9950deff46fa">
      <Output>
        <DebugTrace>start filtering for context: appType:onlineClient\env:dev\ and items: 
.\logs
env-ALL
appType-ALL
env-ALL
appType-ALL

c:\logs\
env-prod
appType-applicationServer
env-prod
appType-applicationServer

\someNetworDrive\integrationLogs\

\\someNetworkDrive\enterpriseAuditData\
appType-ALL
appType-ALL

start using rule: NConfig.Rules.WithSpecificOrALLRerefenceToSubjectRule
start filtering by runtimeContextItem: appType\onlineClient
items before: 
.\logs
env-ALL
appType-ALL
env-ALL
appType-ALL

c:\logs\
env-prod
appType-applicationServer
env-prod
appType-applicationServer

\someNetworDrive\integrationLogs\

\\someNetworkDrive\enterpriseAuditData\
appType-ALL
appType-ALL

items after: 
.\logs
env-ALL
appType-ALL
env-ALL
appType-ALL

\\someNetworkDrive\enterpriseAuditData\
appType-ALL
appType-ALL

start filtering by runtimeContextItem: env\dev
items before: 
.\logs
env-ALL
appType-ALL
env-ALL
appType-ALL

\\someNetworkDrive\enterpriseAuditData\
appType-ALL
appType-ALL

items after: 
.\logs
env-ALL
appType-ALL
env-ALL
appType-ALL

start using rule: NConfig.Rules.BestMatchRule
start filtering by runtimeContextItem: appType\onlineClient
items before: 
.\logs
env-ALL
appType-ALL
env-ALL
appType-ALL

items after: 
.\logs
env-ALL
appType-ALL
env-ALL
appType-ALL

start filtering by runtimeContextItem: env\dev
items before: 
.\logs
env-ALL
appType-ALL
env-ALL
appType-ALL

items after: 
.\logs
env-ALL
appType-ALL
env-ALL
appType-ALL

</DebugTrace>
      </Output>
    </UnitTestResult>
    <UnitTestResult executionId="a92f748a-f5e6-4940-8d4f-9bb6daf2183b" testId="56475e03-d89f-7a09-279d-5df85c0c2126" testName="dev_online_server" computerName="NETBOOK" duration="00:00:13.7287852" startTime="2011-05-28T19:43:19.3194224+02:00" endTime="2011-05-28T19:43:33.0482076+02:00" testType="13cdc9d9-ddb5-4fa4-a97d-d965ccfc6d4b" outcome="Aborted" testListId="8c84fa94-04c1-424b-9868-57a2d4851a1d" relativeResultsDirectory="a92f748a-f5e6-4940-8d4f-9bb6daf2183b">
    </UnitTestResult>
    <UnitTestResult executionId="b21ca7fa-81eb-4406-813e-0292d048082e" testId="97ca9c93-9134-7453-4b0e-bfdec1fb6fa4" testName="prod_online_server" computerName="NETBOOK" testType="13cdc9d9-ddb5-4fa4-a97d-d965ccfc6d4b" outcome="NotExecuted" testListId="8c84fa94-04c1-424b-9868-57a2d4851a1d" relativeResultsDirectory="b21ca7fa-81eb-4406-813e-0292d048082e">
    </UnitTestResult>
    <UnitTestResult executionId="b0ebbfd2-2b30-4aa3-96e6-e9833a638c4f" testId="9d4357b5-d7c4-831c-928a-48dd0ce31ffa" testName="prod_onlineServer_auditService" computerName="NETBOOK" testType="13cdc9d9-ddb5-4fa4-a97d-d965ccfc6d4b" outcome="NotExecuted" testListId="8c84fa94-04c1-424b-9868-57a2d4851a1d" relativeResultsDirectory="b0ebbfd2-2b30-4aa3-96e6-e9833a638c4f">
    </UnitTestResult>
  </Results>
</TestRun>